SC_JOIN_NONE in for-loop: Thread 0 begin
SC_JOIN_NONE in for-loop: Thread 1 begin
SC_JOIN_NONE in for-loop: Thread 2 begin
SC_JOIN_NONE in for-loop: Thread 3 begin
SC_JOIN_NONE in for-loop: Thread 4 begin
SC_JOIN_NONE in for-loop: Thread 5 begin
SC_JOIN_NONE in for-loop: Thread 6 begin
SC_JOIN_NONE in for-loop: Thread 7 begin
SC_JOIN_NONE in for-loop: Thread 8 begin
SC_JOIN_NONE in for-loop: Thread 9 begin
SC_JOIN_NONE1 in for-loop: Thread 0 begin
SC_JOIN_NONE1 in for-loop: Thread 1 begin
SC_JOIN_NONE1 in for-loop: Thread 2 begin
SC_JOIN_NONE1 in for-loop: Thread 3 begin
SC_JOIN_NONE1 in for-loop: Thread 4 begin
SC_JOIN_NONE1 in for-loop: Thread 5 begin
SC_JOIN_NONE1 in for-loop: Thread 6 begin
SC_JOIN_NONE1 in for-loop: Thread 7 begin
SC_JOIN_NONE1 in for-loop: Thread 8 begin
SC_JOIN_NONE1 in for-loop: Thread 9 begin
SC_JOIN_FIRST in for-loop: Thread 0 begin
SC_JOIN_FIRST in for-loop: Thread 1 begin
SC_JOIN_FIRST in for-loop: Thread 2 begin
SC_JOIN_FIRST in for-loop: Thread 3 begin
SC_JOIN_FIRST in for-loop: Thread 4 begin
SC_JOIN_FIRST in for-loop: Thread 5 begin
SC_JOIN_FIRST in for-loop: Thread 6 begin
SC_JOIN_FIRST in for-loop: Thread 7 begin
SC_JOIN_FIRST in for-loop: Thread 8 begin
SC_JOIN_FIRST in for-loop: Thread 9 begin
SC_JOIN_ANY in for-loop: Thread 0 begin
SC_JOIN_ANY in for-loop: Thread 1 begin
SC_JOIN_ANY in for-loop: Thread 2 begin
SC_JOIN_ANY in for-loop: Thread 3 begin
SC_JOIN_ANY in for-loop: Thread 4 begin
SC_JOIN_ANY in for-loop: Thread 5 begin
SC_JOIN_ANY in for-loop: Thread 6 begin
SC_JOIN_ANY in for-loop: Thread 7 begin
SC_JOIN_ANY in for-loop: Thread 8 begin
SC_JOIN_ANY in for-loop: Thread 9 begin
SC_JOIN in for-loop: Thread 0 begin
SC_JOIN in for-loop: Thread 1 begin
SC_JOIN in for-loop: Thread 2 begin
SC_JOIN in for-loop: Thread 3 begin
SC_JOIN in for-loop: Thread 4 begin
SC_JOIN in for-loop: Thread 5 begin
SC_JOIN in for-loop: Thread 6 begin
SC_JOIN in for-loop: Thread 7 begin
SC_JOIN in for-loop: Thread 8 begin
SC_JOIN in for-loop: Thread 9 begin
SC_JOIN in for-loop: Thread 0 end
SC_CJOIN_ANY in for-loop: Thread 0 begin
SC_CJOIN_ANY in for-loop: Thread 1 begin
SC_CJOIN_ANY in for-loop: Thread 2 begin
SC_CJOIN_ANY in for-loop: Thread 3 begin
SC_CJOIN_ANY in for-loop: Thread 4 begin
SC_CJOIN_ANY in for-loop: Thread 5 begin
SC_CJOIN_ANY in for-loop: Thread 6 begin
SC_CJOIN_ANY in for-loop: Thread 7 begin
SC_CJOIN_ANY in for-loop: Thread 8 begin
SC_CJOIN_ANY in for-loop: Thread 9 begin
SC_CJOIN_FIRST in for-loop: Thread 0 begin
SC_CJOIN_FIRST in for-loop: Thread 1 begin
SC_CJOIN_FIRST in for-loop: Thread 2 begin
SC_CJOIN_FIRST in for-loop: Thread 3 begin
SC_CJOIN_FIRST in for-loop: Thread 4 begin
SC_CJOIN_FIRST in for-loop: Thread 5 begin
SC_CJOIN_FIRST in for-loop: Thread 6 begin
SC_CJOIN_FIRST in for-loop: Thread 7 begin
SC_CJOIN_FIRST in for-loop: Thread 8 begin
SC_CJOIN_FIRST in for-loop: Thread 9 begin
SC_CJOIN_NONE1 in for-loop: Thread 0 begin
SC_CJOIN_NONE1 in for-loop: Thread 1 begin
SC_CJOIN_NONE1 in for-loop: Thread 2 begin
SC_CJOIN_NONE1 in for-loop: Thread 3 begin
SC_CJOIN_NONE1 in for-loop: Thread 4 begin
SC_CJOIN_NONE1 in for-loop: Thread 5 begin
SC_CJOIN_NONE1 in for-loop: Thread 6 begin
SC_CJOIN_NONE1 in for-loop: Thread 7 begin
SC_CJOIN_NONE1 in for-loop: Thread 8 begin
SC_CJOIN_NONE1 in for-loop: Thread 9 begin
SC_CJOIN_NONE in for-loop: Thread 0 begin
SC_CJOIN_NONE in for-loop: Thread 1 begin
SC_CJOIN_NONE in for-loop: Thread 2 begin
SC_CJOIN_NONE in for-loop: Thread 3 begin
SC_CJOIN_NONE in for-loop: Thread 4 begin
SC_CJOIN_NONE in for-loop: Thread 5 begin
SC_CJOIN_NONE in for-loop: Thread 6 begin
SC_CJOIN_NONE in for-loop: Thread 7 begin
SC_CJOIN_NONE in for-loop: Thread 8 begin
SC_CJOIN_NONE in for-loop: Thread 9 begin
SC_JOIN_NONE in for-loop: Thread 3 end
SC_JOIN_NONE1 in for-loop: Thread 1 end
SC_JOIN_NONE1 in for-loop: Thread 2 end
SC_JOIN_ANY in for-loop: Thread 0 end
SC_JOIN_NONE in for-loop: Thread 4 end
SC_JOIN_NONE1 in for-loop: Thread 3 end
SC_JOIN_NONE1 in for-loop: Thread 4 end
SC_JOIN_NONE in for-loop: Thread 0 end
SC_JOIN_NONE in for-loop: Thread 5 end
SC_JOIN_NONE1 in for-loop: Thread 5 end
SC_JOIN_NONE1 in for-loop: Thread 6 end
SC_JOIN_NONE in for-loop: Thread 6 end
SC_JOIN_NONE1 in for-loop: Thread 7 end
SC_JOIN in for-loop: Thread 1 end
SC_JOIN_NONE1 in for-loop: Thread 8 end
SC_JOIN_NONE in for-loop: Thread 1 end
SC_JOIN_NONE in for-loop: Thread 7 end
SC_JOIN_NONE1 in for-loop: Thread 9 end
SC_JOIN_FIRST in for-loop: Thread 0 end
SC_JOIN_NONE in for-loop: Thread 8 end
SC_JOIN_NONE in for-loop: Thread 2 end
SC_JOIN_NONE in for-loop: Thread 9 end
SC_JOIN_NONE1 in for-loop: Thread 0 end
SC_CJOIN_NONE in for-loop: Thread 9 end
SC_CJOIN_NONE in for-loop: Thread 8 end
SC_CJOIN_NONE in for-loop: Thread 7 end
SC_CJOIN_NONE in for-loop: Thread 6 end
SC_CJOIN_NONE in for-loop: Thread 5 end
SC_CJOIN_NONE in for-loop: Thread 4 end
SC_CJOIN_NONE in for-loop: Thread 3 end
SC_CJOIN_NONE in for-loop: Thread 2 end
SC_CJOIN_NONE in for-loop: Thread 1 end
SC_CJOIN_NONE in for-loop: Thread 0 end
SC_CJOIN_FIRST in for-loop: Thread 0 end
SC_CJOIN_ANY in for-loop: Thread 0 end
SC_CJOIN_NONE1 in for-loop: Thread 9 end
SC_CJOIN_NONE1 in for-loop: Thread 5 end
SC_CJOIN_NONE1 in for-loop: Thread 7 end
SC_CJOIN_NONE1 in for-loop: Thread 1 end
SC_CJOIN_NONE1 in for-loop: Thread 3 end
SC_CJOIN_NONE1 in for-loop: Thread 0 end
SC_CJOIN_NONE1 in for-loop: Thread 2 end
SC_CJOIN_NONE1 in for-loop: Thread 4 end
SC_CJOIN_NONE1 in for-loop: Thread 6 end
SC_CJOIN_NONE1 in for-loop: Thread 8 end
SC_CJOIN_ANY in for-loop: Thread 1 end
SC_JOIN_ANY in for-loop: Thread 1 end
SC_JOIN in for-loop: Thread 2 end
SC_CJOIN_ANY in for-loop: Thread 2 end
SC_CJOIN_ANY in for-loop: Thread 3 end
SC_JOIN_ANY in for-loop: Thread 2 end
SC_JOIN in for-loop: Thread 3 end
SC_CJOIN_ANY in for-loop: Thread 4 end
SC_CJOIN_ANY in for-loop: Thread 5 end
SC_JOIN_ANY in for-loop: Thread 3 end
SC_JOIN in for-loop: Thread 4 end
SC_CJOIN_ANY in for-loop: Thread 6 end
SC_CJOIN_ANY in for-loop: Thread 7 end
SC_JOIN_ANY in for-loop: Thread 4 end
SC_JOIN in for-loop: Thread 5 end
SC_CJOIN_ANY in for-loop: Thread 8 end
SC_CJOIN_ANY in for-loop: Thread 9 end
SC_JOIN in for-loop: Thread 6 end
SC_JOIN_ANY in for-loop: Thread 5 end
SC_JOIN in for-loop: Thread 7 end
SC_JOIN_ANY in for-loop: Thread 6 end
SC_JOIN_ANY in for-loop: Thread 7 end
SC_JOIN in for-loop: Thread 8 end
SC_JOIN_ANY in for-loop: Thread 8 end
SC_JOIN in for-loop: Thread 9 end
SC_JOIN_ANY in for-loop: Thread 9 end

Info: /OSCI/SystemC: Simulation stopped by user.
