Counter is even.
Counter is even.
Counter is even.
Counter is even.
Counter is odd.
Counter is even.
Counter is odd.
Counter is even.
Counter is odd.
Counter is even.
Counter is odd.
Counter is even.
Counter is odd.
Counter is even.
Counter is odd.
Counter is even.
Counter is odd.
Counter is even.
Counter is odd.
Counter is even.
Counter is odd.
Counter is even.
Counter is odd.
Counter is even.
Counter is odd.
Counter is even.
Counter is odd.
Counter is even.
Counter is odd.
Counter is even.
Counter is odd.
Counter is even.
Counter is odd.
Counter is even.
Counter is odd.
Counter is even.
Counter is odd.
Counter is even.
Counter is odd.
Counter is even.
Counter is odd.
Counter is even.
Counter is odd.
Counter is even.
Counter is odd.
Counter is even.
Counter is odd.
Counter is even.
Counter is odd.
Counter is even.
Counter is odd.
Counter is even.
Counter is odd.
Counter is even.
Counter is odd.
Counter is even.
Counter is odd.
Counter is even.
Counter is odd.
Counter is even.
Counter is odd.
Counter is even.
Counter is odd.
Counter is even.
Counter is odd.
Counter is even.
Counter is odd.
Counter is even.
Counter is odd.
Counter is even.
Counter is odd.
Counter is even.
Counter is odd.
Counter is even.
Counter is odd.
Counter is even.
Counter is odd.
Counter is even.
Counter is odd.
Counter is even.
Counter is odd.
Counter is even.
Counter is odd.
Counter is even.
Counter is odd.
Counter is even.
Counter is odd.
Counter is even.
Counter is odd.
Counter is even.
Counter is odd.
Counter is even.
Counter is odd.
Counter is even.
Counter is odd.
Counter is even.
Counter is odd.
Counter is even.
Counter is odd.
Counter is even.
Counter is odd.
Counter is even.
Counter is odd.
Counter is even.

Info: /OSCI/SystemC: Simulation stopped by user.
